Warning: You are sending unauthenticated requests to the HF Hub. Please set a HF_TOKEN to enable higher rate limits and faster downloads.
Reserve: 97 problem IDs
Already in cache: 0
Need to fetch:    97

[fetch] scanning split=train (97 remaining)...
  [found] cc_820_D. Mister B and PR Shifts (cf=1900, stdin=8c)
  [found] cc_784_B. Kids' Riddle (cf=2000, stdin=11c)
  [found] cc_1374_B. Multiply by 2, divide by 6 (cf=900, stdin=36c)
  [found] cc_449_D. Jzzhu and Numbers (cf=2400, stdin=114c)
  [found] cc_630_A. Again Twenty Five! (cf=800, stdin=20c)
  [found] cc_650_B. Image Preview (cf=1900, stdin=118c)
  [found] cc_p01076 Graph Making (cf=0, stdin=6c)
  [found] cc_103_C. Russian Roulette (cf=1900, stdin=44c)
  [found] cc_690_A1. Collective Mindsets (easy) (cf=1100, stdin=11c)
  [found] cc_p00184 Tsuruga Castle (cf=0, stdin=41c)
  [found] cc_393_C. Blocked Points (cf=0, stdin=9c)
  [found] cc_538_B. Quasi Binary (cf=1400, stdin=7c)
  [found] cc_985_E. Pencils and Boxes (cf=2100, stdin=80c)
  [found] cc_625_A. Guest From the Past (cf=1700, stdin=78c)
  [found] cc_12_B. Correct Solution? (cf=1100, stdin=20c)
  [found] cc_604_B. More Cowbell (cf=1400, stdin=503c)
  [found] cc_835_B. The number on the board (cf=1100, stdin=106c)
  [found] cc_1091_C. New Year and the Sphere Transmission (cf=1400, stdin=11c)
  [found] cc_834_B. The Festive Evening (cf=1100, stdin=440c)
  [found] cc_879_C. Short Program (cf=1600, stdin=65c)
  [found] cc_p02468 Power (cf=0, stdin=5c)
  [found] cc_1451_C. String Equality (cf=1400, stdin=56c)
  [found] cc_p00099 Surf Smelt Fishing Contest II (cf=0, stdin=25c)
  [found] cc_1037_A. Packets (cf=1300, stdin=11c)
  [found] cc_1269_A. Equation (cf=800, stdin=9c)
  [found] cc_1374_A. Required Remainder (cf=800, stdin=83c)
  [found] cc_p02116 nCm (cf=0, stdin=3c)
  [found] cc_219_C. Color Stripe (cf=1600, stdin=207c)
  [found] cc_622_A. Infinite Sequence (cf=1000, stdin=14c)
  [found] cc_997_B. Roman Digits (cf=2000, stdin=11c)
  [found] cc_1352_B. Same Parity Summands (cf=1200, stdin=52c)
  [found] cc_183_B. Zoo (cf=1700, stdin=217c)
  [found] cc_659_G. Fence Divercity (cf=2300, stdin=300c)
  [found] cc_404_D. Minesweeper 1D (cf=1900, stdin=101c)
  [found] cc_577_B. Modulo Sum (cf=1900, stdin=411c)
  [found] cc_1096_C. Polygon for the Angle (cf=1600, stdin=141c)
  [found] cc_1348_D. Phoenix and Science (cf=1900, stdin=11c)
  [found] cc_608_E. Marbles (cf=2500, stdin=404c)
  [found] cc_60_E. Mushroom Gnomes (cf=2600, stdin=176c)
  [found] cc_630_J. Divisibility (cf=1100, stdin=20c)
  [found] cc_841_B. Godsend (cf=1100, stdin=44c)
  [found] cc_959_E. Mahmoud and Ehab and the xor-MST (cf=1900, stdin=14c)
  [found] cc_177_B1. Rectangular Game (cf=1000, stdin=11c)
  [found] cc_777_A. Shell Game (cf=1000, stdin=12c)
  [found] cc_939_B. Hamster Farm (cf=1000, stdin=509c)
  [found] cc_854_B. Maxim Buys an Apartment (cf=1200, stdin=21c)
  [found] cc_630_P. Area of a Star (cf=2100, stdin=22c)
  [found] cc_p00463 Amidakuji (cf=0, stdin=73c)
  [found] cc_1409_B. Minimum Product (cf=1100, stdin=139c)
  [found] cc_858_A. k-rounding (cf=1100, stdin=13c)
  [found] cc_1277_A. Happy Birthday, Polycarp! (cf=1000, stdin=31c)
  [found] cc_736_B. Taxes (cf=1600, stdin=11c)
  [found] cc_1352_C. K-th Not Divisible by n (cf=1200, stdin=55c)
  [found] cc_1487_B. Cat Cycle (cf=1200, stdin=34c)
  [found] cc_1191_D. Tokitsukaze, CSL and Stone Game (cf=1800, stdin=74c)
  [found] cc_1493_E. Enormous XOR (cf=2600, stdin=342c)
  [found] cc_690_A2. Collective Mindsets (medium) (cf=2300, stdin=11c)
  [found] cc_779_B. Weird Rounding (cf=1100, stdin=14c)
  [found] cc_940_B. Our Tanya is Crying Out Loud (cf=1400, stdin=40c)
  [found] cc_1225_C. p-binary (cf=1600, stdin=17c)
  [found] cc_1396_C. Monster Invaders (cf=2300, stdin=225c)
  [found] cc_570_B. Simple Game (cf=1300, stdin=21c)
  [found] cc_p00158 Collatz's Problem (cf=0, stdin=8c)
  [found] cc_p01078 Star (cf=0, stdin=10c)
  [found] cc_1027_C. Minimum Value Rectangle (cf=1600, stdin=274c)
  [found] cc_1300_E. Water Balance (cf=2100, stdin=195c)
  [found] cc_1475_B. New Year's Number (cf=900, stdin=25c)
  [found] cc_506_E. Mr. Kitayuta's Gift (cf=3000, stdin=211c)
  [found] cc_9_C. Hexadecimal's Numbers (cf=1200, stdin=10c)
  [found] cc_p02470 Euler's Phi Function (cf=0, stdin=7c)
  [found] cc_735_D. Taxes (cf=1600, stdin=11c)
  [found] cc_102_D. Buses (cf=1700, stdin=432c)
  [found] cc_1095_E. Almost Regular Bracket Sequence (cf=1900, stdin=24c)
  [found] cc_535_B. Tavas and SaDDas (cf=1100, stdin=4c)
  [found] cc_367_C. Sereja and the Arrangement of Numbers (cf=2000, stdin=450c)
  [found] cc_316_D3. PE Lesson (cf=2400, stdin=404c)
  [found] cc_552_B. Vanya and Books (cf=1200, stdin=10c)
  [found] cc_876_C. Classroom Watch (cf=1200, stdin=11c)
  [found] cc_67_D. Optical Experiment (cf=1900, stdin=14c)
  [found] cc_1294_C. Product of Three Numbers (cf=1300, stdin=404c)
  [found] cc_451_C. Predict Outcome of the Game (cf=1700, stdin=45c)
  [found] cc_474_B. Worms (cf=1200, stdin=23c)
  [found] cc_802_H. Fake News (medium) (cf=2200, stdin=7c)
  [found] cc_630_D. Hexagons! (cf=1100, stdin=11c)
  [found] cc_725_B. Food on the Plane (cf=1200, stdin=21c)
  [found] cc_236_C. LCM Challenge (cf=1600, stdin=7c)
  [found] cc_776_E. The Holmes Children (cf=2100, stdin=26c)
  [found] cc_630_R. Game (cf=1200, stdin=20c)
  [found] cc_1469_E. A Bit Similar (cf=2400, stdin=371c)
  [found] cc_669_A. Little Artem and Presents (cf=800, stdin=11c)
  [found] cc_758_F. Geometrical Progression (cf=2400, stdin=20c)
  [found] cc_1037_C. Equalize (cf=1300, stdin=187c)
  [found] cc_39_F. Pacifist frogs (cf=1300, stdin=367c)
  [found] cc_p01227 Country Road (cf=0, stdin=103c)

[fetch] scanning split=test (3 remaining)...

[fetch] scanning split=valid (3 remaining)...

[fetch] 3 IDs not found in any split:
  cc_442_C. Artem and Array
  cc_717_D. Dexterina's Lab
  cc_742_A. Arpa's hard exam and Mehrdad's naive cheat

[done] added 94 problems. Cache now has 294 total.
[warn] 3 problems not found anywhere:
  cc_442_C. Artem and Array
  cc_717_D. Dexterina's Lab
  cc_742_A. Arpa's hard exam and Mehrdad's naive cheat
