[find] existing cache: 294 problems
[find] scanning up to 5000 problems from HuggingFace...
[find]   scanned 500 | candidates so far: 179
[find]   scanned 1500 | candidates so far: 734
[find]   scanned 3000 | candidates so far: 1591
[find]   scanned 3500 | candidates so far: 1877
[find]   scanned 4000 | candidates so far: 2154
[find]   scanned 5000 | candidates so far: 2729
[find] scanned 5000 problems, 2729 candidates with Python solutions

[find] selected 100 problems (sorted by time_limit)

  #  Task                                                   time_limit  cf_rating
-------------------------------------------------------------------------------------
  1  cc_p00949 Hidden Anagrams                                      10          0
  2  cc_p00958 Parallel Lines                                       10          0
  3  cc_p00822 Weather Forecast                                      8          0
  4  cc_p01086 Short Phrase                                          8          0
  5  cc_p01694 Step Aerobics                                         8          0
  6  cc_p00490 Best Pizza                                            8          0
  7  cc_p00819 Unreliable Message                                    8          0
  8  cc_p00914 Equal Sum Sets                                        8          0
  9  cc_p01316 Differential Pulse Code Modulation                    8          0
 10  cc_p01646 Dictionary                                            8          0
 11  cc_p00748 Pollock's conjecture                                  8          0
 12  cc_p01289 Strange Couple                                        8          0
 13  cc_p00483 Planetary Exploration                                 8          0
 14  cc_p00812 Equals are Equals                                     8          0
 15  cc_p01684 Venn Diagram                                          8          0
 16  cc_p00534 Silk Road                                             8          0
 17  cc_p00839 Organize Your Train                                   8          0
 18  cc_p01103 A Garden with Ponds                                   8          0
 19  cc_p01711 Idempotent Filter                                     8          0
 20  cc_p01488 TransferTrain                                         8          0
 21  cc_p01650 Stack Maze                                            8          0
 22  cc_p00224 Bicycle Diet                                          8          0
 23  cc_p01280 Galaxy Wide Web Service                               8          0
 24  cc_p01450 My friends are small                                  8          0
 25  cc_p00876 Swimming Jam                                          8          0
 26  cc_p01139 Surrounding Area                                      8          0
 27  cc_p01278 Voronoi Island                                        8          0
 28  cc_p01448 A Way to Invite Friends                               8          0
 29  cc_p00749 Off Balance                                           8          0
 30  cc_p00887 Awkward Lights                                        8          0
 31  cc_p01290 Queen's Case                                          8          0
 32  cc_p00837 Book Replacement                                      8          0
 33  cc_p01101 Taro's Shopping                                       8          0
 34  cc_p01146 Princess in Danger                                    8          0
 35  cc_p01284 Erratic Sleep Habits                                  8          0
 36  cc_p00746 Pablo Squarson's Headache                             8          0
 37  cc_p00885 Balloon Collecting                                    8          0
 38  cc_p01288 Marked Ancestor                                       8          0
 39  cc_p00782 Mobile Phone Coverage                                 8          0
 40  cc_p00915 The Last Ant                                          8          0
 41  cc_p01180 The Closest Circle                                    8          0
 42  cc_p01317 Mr. Rito Post Office                                  8          0
 43  cc_p00489 Soccer                                                8          0
 44  cc_p01125 Misterious Gems                                       8          0
 45  cc_p01676 Tree Reconstruction                                   8          0
 46  cc_p01498 King Slime                                            8          0
 47  cc_p00854 And Then There Was One                                8          0
 48  cc_p01117 Scores of Final Examination                           8          0
 49  cc_p00910 Let There Be Light                                    8          0
 50  cc_p01314 Sum of Consecutive Integers                           8          0
 51  cc_p00546 Zombie Island                                         8          0
 52  cc_p01493 DisconnectedGame                                      8          0
 53  cc_p01806 Dice Stamp                                            8          0
 54  cc_p00776 Encryption System                                     8          0
 55  cc_p00907 Find the Outlier                                      8          0
 56  cc_p01479 Chicken or the Egg                                    8          0
 57  cc_p00874 Cubist Artwork                                        8          0
 58  cc_p01137 Space Coconut Grab                                    8          0
 59  cc_p00760 Millennium                                            8          0
 60  cc_p00892 Intersection of Two Prisms                            8          0
 61  cc_p01624 Ononokomachi's Edit War                               8          0
 62  cc_p00503 Fish                                                  8          0
 63  cc_p00829 Leaky Cryptography                                    8          0
 64  cc_p01093 Selection of Participants of an Experiment            8          0
 65  cc_p01701 North North West                                      8          0
 66  cc_p01845 Curry Making                                          8          0
 67  cc_p01981 Change of the Era Name                                8          0
 68  cc_p01142 Karakuri Doll                                         8          0
 69  cc_p01281 Tatami                                                8          0
 70  cc_p01451 Roads on Towns                                        8          0
 71  cc_p01499 Rabbit Game Playing                                   8          0
 72  cc_p01670 Medical Inspection                                    8          0
 73  cc_p00492 Illumination                                          8          0
 74  cc_p00821 Area of Polygons                                      8          0
 75  cc_p01085 Entrance Examination                                  8          0
 76  cc_p00764 Chain-Confined Path                                   8          0
 77  cc_p00896 Weaker than Planned                                   8          0
 78  cc_p01299 Neko's Treasure                                       8          0
 79  cc_p00856 Minimal Backgammon                                    8          0
 80  cc_p01119 Balance Scale                                         8          0
 81  cc_p01339 Alien's Counting                                      8          0
 82  cc_p01677 Broken Audio Signal                                   8          0
 83  cc_p00537 Railroad Trip                                         8          0
 84  cc_p00840 Mobile Computing                                      8          0
 85  cc_p01104 Making Lunch Boxes                                    8          0
 86  cc_p00485 Shopping in JOI Kingdom                               8          0
 87  cc_p00814 Life Line                                             8          0
 88  cc_p00884 Membership Management                                 8          0
 89  cc_p01287 Colored Octahedra                                     8          0
 90  cc_p00713 Circle and Points                                     8          0
 91  cc_p00775 Vampire                                               8          0
 92  cc_p00906 One-Dimensional Cellular Automaton                    8          0
 93  cc_p01925 Quiz                                                  8          0
 94  cc_p00890 Test Case Tweaking                                    8          0
 95  cc_p01293 Whist                                                 8          0
 96  cc_p01128 Railroad Conflict                                     8          0
 97  cc_p01267 Luck Manipulator                                      8          0
 98  cc_p01437 Infinity Maze                                         8          0
 99  cc_p00780 Goldbach's Conjecture                                 8          0
100  cc_p01315 Moonlight Farm                                        8          0

[find] cache now has 394 problems (100 new stress problems added)
